<html>
<body>
<pre>
<h1>µVision Build Log</h1>
<h2>Tool Versions:</h2>
IDE-Version: ¦ÌVision V5.21.1.0
Copyright (C) 2016 ARM Ltd and ARM Germany GmbH. All rights reserved.
License Information: gg gaogao, gg, LIC=Z3C01-C9KLE-78UFD-8BN65-SJ4C4-3M6SF
 
Tool Versions:
Toolchain:       MDK-ARM Professional  Version: 5.21a
Toolchain Path:  C:\Keil_v5\ARM\ARMCC\Bin
C Compiler:      Armcc.exe V5.06 update 3 (build 300)
Assembler:       Armasm.exe V5.06 update 3 (build 300)
Linker/Locator:  ArmLink.exe V5.06 update 3 (build 300)
Library Manager: ArmAr.exe V5.06 update 3 (build 300)
Hex Converter:   FromElf.exe V5.06 update 3 (build 300)
CPU DLL:         SARMCM3.DLL V5.21a
Dialog DLL:      DCM.DLL V1.13.8.0
Target DLL:      STLink\ST-LINKIII-KEIL_SWO.dll V2.0.18.0
Dialog DLL:      TCM.DLL V1.14.14.0
 
<h2>Project:</h2>
H:\0project\4AirMomentumMeter\1software\0yangyang_programe\V5.1_again\STM32F103C8_LCD_20210517\MDK-ARM\STM32F103C8_LCD_20210330.uvprojx
Project File Date:  08/26/2021

<h2>Output:</h2>
*** Using Compiler 'V5.06 update 3 (build 300)', folder: 'C:\Keil_v5\ARM\ARMCC\Bin'
Build target 'STM32F103C8_LCD_20210330'
compiling led.c...
compiling display.c...
..\Src\display.c(119): warning:  #223-D: function "RGB_LED_Red" declared implicitly
  			RGB_LED_Red(); //??É«
..\Src\display.c(147): warning:  #223-D: function "printf" declared implicitly
  			printf("?ý¾??Ð¸???!\r\n");
..\Src\display.c(318): warning:  #223-D: function "RGB_LED_Red" declared implicitly
  						RGB_LED_Red(); //??É«
..\Src\display.c: 3 warnings, 0 errors
linking...
Program Size: Code=26760 RO-data=8720 RW-data=60 ZI-data=3900  
FromELF: creating hex file...
"STM32F103C8_LCD_20210330\STM32F103C8_LCD_20210330.axf" - 0 Error(s), 3 Warning(s).

<h2>Software Packages used:</h2>

Package Vendor: ARM
                http://www.keil.com/pack/ARM.CMSIS.5.4.0.pack
                ARM::CMSIS:CORE:5.1.2
                CMSIS (Cortex Microcontroller Software Interface Standard)
   * Component: CORE Version: 5.1.2

<h2>Collection of Component include folders:</h2>
  H:\0project\4AirMomentumMeter\1software\0yangyang_programe\V5.1_again\STM32F103C8_LCD_20210517\MDK-ARM\RTE
  C:\Keil_v5\ARM\PACK\ARM\CMSIS\5.4.0\CMSIS\Core\Include
  C:\Keil_v5\ARM\PACK\Keil\STM32F1xx_DFP\2.2.0\Device\Include

<h2>Collection of Component Files used:</h2>

   * Component: ARM::CMSIS:CORE:5.1.2
Build Time Elapsed:  00:00:01
</pre>
</body>
</html>
