<html>
<body>
<pre>
<h1>礦ision Build Log</h1>
<h2>Tool Versions:</h2>
IDE-Version: μVision V5.36.0.0
Copyright (C) 2021 ARM Ltd and ARM Germany GmbH. All rights reserved.
License Information: f 1024355591@qq.com, f, LIC=RC93N-YKD37-PCPJ8-3IED0-10VQI-DEN52
 
Tool Versions:
Toolchain:       MDK-ARM Plus  Version: 5.36.0.0
Toolchain Path:  C:\Keil_v5\ARM\ARMCC\Bin
C Compiler:      Armcc.exe V5.06 update 7 (build 960)
Assembler:       Armasm.exe V5.06 update 7 (build 960)
Linker/Locator:  ArmLink.exe V5.06 update 7 (build 960)
Library Manager: ArmAr.exe V5.06 update 7 (build 960)
Hex Converter:   FromElf.exe V5.06 update 7 (build 960)
CPU DLL:         SARMCM3.DLL V5.36.0.0
Dialog DLL:      DCM.DLL V1.17.3.0
Target DLL:      STLink\ST-LINKIII-KEIL_SWO.dll V3.0.9.0
Dialog DLL:      TCM.DLL V1.53.0.0
 
<h2>Project:</h2>
A:\air\airmachine\MDK-ARM\STM32F103C8_LCD_20210330.uvprojx
Project File Date:  08/15/2022

<h2>Output:</h2>
*** Using Compiler 'V5.06 update 7 (build 960)', folder: 'C:\Keil_v5\ARM\ARMCC\Bin'
Build target 'STM32F103C8_LCD_20210330'
assembling startup_stm32f103xb.s...
compiling usart.c...
compiling init.c...
compiling gpio.c...
compiling led.c...
compiling main.c...
../Src/main.c(19): warning:  #177-D: variable "i"  was declared but never referenced
    uint32_t i=0; 
../Src/main.c: 1 warning, 0 errors
compiling delay.c...
..\Src\delay.c(6): warning:  #177-D: variable "fac_us"  was declared but never referenced
  static uint8_t  fac_us=0;//us延时倍乘数
..\Src\delay.c: 1 warning, 0 errors
compiling adc.c...
compiling dma.c...
compiling tim.c...
compiling eeprom.c...
compiling key.c...
compiling Lcd_Driver.c...
compiling fun.c...
..\Src\fun.c(190): warning:  #940-D: missing return statement at end of non-void function "Double2Char" 
  }
..\Src\fun.c: 1 warning, 0 errors
compiling GUI.c...
..\Src\GUI.c(295): warning:  #550-D: variable "x0"  was set but never used
  	unsigned short k,x0;
..\Src\GUI.c: 1 warning, 0 errors
compiling display.c...
..\Src\display.c(119): warning:  #223-D: function "RGB_LED_Red" declared implicitly
  			RGB_LED_Red(); //红色
..\Src\display.c(147): warning:  #223-D: function "printf" declared implicitly
  			printf("数据有更新!\r\n");
..\Src\display.c(318): warning:  #223-D: function "RGB_LED_Red" declared implicitly
  						RGB_LED_Red(); //红色
..\Src\display.c: 3 warnings, 0 errors
compiling stm32f1xx_hal_gpio.c...
compiling stm32f1xx_hal_gpio_ex.c...
compiling stm32f1xx_hal_msp.c...
compiling stm32f1xx_hal.c...
compiling stm32f1xx_it.c...
compiling stm32f1xx_hal_cortex.c...
compiling stm32f1xx_hal_pwr.c...
compiling stm32f1xx_hal_rcc_ex.c...
compiling stm32f1xx_hal_flash.c...
compiling stm32f1xx_hal_dma.c...
compiling stm32f1xx_hal_rcc.c...
compiling stm32f1xx_hal_tim_ex.c...
compiling stm32f1xx_hal_flash_ex.c...
compiling stm32f1xx_hal_exti.c...
compiling stm32f1xx_hal_tim.c...
compiling system_stm32f1xx.c...
compiling stm32f1xx_hal_adc_ex.c...
compiling stm32f1xx_hal_adc.c...
compiling stm32f1xx_hal_uart.c...
linking...
Program Size: Code=26724 RO-data=8720 RW-data=60 ZI-data=3900  
FromELF: creating hex file...
"STM32F103C8_LCD_20210330\STM32F103C8_LCD_20210330.axf" - 0 Error(s), 7 Warning(s).

<h2>Software Packages used:</h2>

Package Vendor: ARM
                http://www.keil.com/pack/ARM.CMSIS.5.8.0.pack
                ARM.CMSIS.5.8.0
                CMSIS (Common Microcontroller Software Interface Standard)
   * Component: CORE Version: 5.5.0

Package Vendor: Keil
                http://www.keil.com/pack/Keil.STM32F1xx_DFP.1.0.5.pack
                Keil.STM32F1xx_DFP.1.0.5
                STMicroelectronics STM32F1 Series Device Support, Drivers and Examples

<h2>Collection of Component include folders:</h2>
  .\RTE\_STM32F103C8_LCD_20210330
  C:\Users\10243\AppData\Local\Arm\Packs\ARM\CMSIS\5.8.0\CMSIS\Core\Include
  C:\Users\10243\AppData\Local\Arm\Packs\Keil\STM32F1xx_DFP\1.0.5\Device\Include

<h2>Collection of Component Files used:</h2>

   * Component: ARM::CMSIS:CORE:5.5.0
Build Time Elapsed:  00:00:04
</pre>
</body>
</html>
